../Core/Src/main.c:130:6:pressReleaseButton	48	static
../Core/Src/main.c:201:5:main	8	static
../Core/Src/main.c:266:6:SystemClock_Config	88	static
../Core/Src/main.c:311:13:MX_NVIC_Init	8	static
../Core/Src/main.c:326:13:MX_I2C1_Init	8	static
../Core/Src/main.c:360:13:MX_GPIO_Init	48	static
../Core/Src/main.c:391:6:HAL_I2C_SlaveTxCpltCallback	16	static
../Core/Src/main.c:411:6:HAL_I2C_SlaveRxCpltCallback	24	static
../Core/Src/main.c:437:6:HAL_I2C_AddrCallback	16	static
../Core/Src/main.c:483:6:HAL_I2C_ListenCpltCallback	16	static
../Core/Src/main.c:494:6:HAL_I2C_ErrorCallback	16	static
../Core/Src/main.c:511:6:Error_Handler	8	static,ignoring_inline_asm
